============================= test session starts =============================
platform win32 -- Python 3.14.3, pytest-9.0.3, pluggy-1.6.0 -- G:\Meu Drive\JanioPontesSaas\venv\Scripts\python.exe
cachedir: .pytest_cache
rootdir: G:\Meu Drive\JanioPontesSaas
configfile: pytest.ini
plugins: anyio-4.13.0
collecting ... collected 20 items

tests/test_crud_protocolos.py::TestCrudClientes::test_listagem_clientes_retorna_200 PASSED [  5%]
tests/test_crud_protocolos.py::TestCrudClientes::test_busca_clientes_retorna_200 PASSED [ 10%]
tests/test_crud_protocolos.py::TestCrudClientes::test_criar_cliente_via_form FAILED [ 15%]
tests/test_crud_protocolos.py::TestCrudClientes::test_busca_encontra_cliente_criado FAILED [ 20%]
tests/test_crud_protocolos.py::TestCrudObrigacoes::test_listagem_obrigacoes_retorna_200 PASSED [ 25%]
tests/test_crud_protocolos.py::TestCrudObrigacoes::test_criar_obrigacao_via_form FAILED [ 30%]
tests/test_crud_protocolos.py::TestCrudProtocolos::test_listagem_protocolos_retorna_200 PASSED [ 35%]
tests/test_crud_protocolos.py::TestCrudProtocolos::test_busca_protocolos_retorna_200 PASSED [ 40%]
tests/test_crud_protocolos.py::TestCrudProtocolos::test_criar_protocolo_via_form FAILED [ 45%]
tests/test_crud_protocolos.py::TestSchedulerEndpoints::test_check_overdue_retorna_200 FAILED [ 50%]
tests/test_crud_protocolos.py::TestSchedulerEndpoints::test_daily_report_retorna_200 FAILED [ 55%]
tests/test_crud_protocolos.py::TestWebhookEndpoints::test_webhook_chatwoot_aceita_payload PASSED [ 60%]
tests/test_crud_protocolos.py::TestWebhookEndpoints::test_webhook_chatwoot_payload_vazio PASSED [ 65%]
tests/test_rls_auth.py::TestRLSIsolation::test_middleware_injeta_tenant_id PASSED [ 70%]
tests/test_rls_auth.py::TestRLSIsolation::test_rota_raiz_acessivel_sem_auth PASSED [ 75%]
tests/test_rls_auth.py::TestRLSIsolation::test_rota_clientes_acessivel FAILED [ 80%]
tests/test_rls_auth.py::TestRLSIsolation::test_rota_obrigacoes_acessivel PASSED [ 85%]
tests/test_rls_auth.py::TestRLSIsolation::test_htmx_endpoint_funciona PASSED [ 90%]
tests/test_rls_auth.py::TestAuthentication::test_auth_router_existe PASSED [ 95%]
tests/test_rls_auth.py::TestAuthentication::test_token_schema_existe PASSED [100%]

================================== FAILURES ===================================
________________ TestCrudClientes.test_criar_cliente_via_form _________________
tests\test_crud_protocolos.py:27: in test_criar_cliente_via_form
    assert response.status_code == 200
E   assert 405 == 200
E    +  where 405 = <Response [405 Method Not Allowed]>.status_code
_____________ TestCrudClientes.test_busca_encontra_cliente_criado _____________
tests\test_crud_protocolos.py:39: in test_busca_encontra_cliente_criado
    assert "Busca Empresa ABC" in response.text
E   assert 'Busca Empresa ABC' in '\\n    <!DOCTYPE html>\\n    <html lang="pt-BR">\\n    <head>\\n        <meta charset="UTF-8">\\n        <meta name="viewport" content="width=device-width, initial-scale=1.0">\\n        <title>Login \u2014 Janio Pontes SaaS</title>\\n        <script src="https://cdn.tailwindcss.com"></script>\\n        <link href="https://fonts.googleapis.com/css2?family=Inter:wght@400;500;600;700;800&display=swap" rel="stylesheet">\\n        <style>\\n            body { font-family: \\'Inter\\', sans-serif; }\\n            .gradient-bg {\\n                background: linear-gradient(135deg, #1C3051 0%, #1e3a5f 50%, #312e81 100%);\\n            }\\n            .glass-card {\\n                background: rgba(255,255,255,0.97);\\n                backdrop-filter: blur(20px);\\n                border: 1px solid rgba(255,255,255,0.2);\\n            }\\n            .logo-glow {\\n                filter: drop-shadow(0 0 20px rgba(99,102,241,0.4));\\n            }\\n        </style>\\n    </head>\\n    <body class="gradient-bg min-h-screen flex items-center justify-center p-4">\\n\\n        <div class="absolute inset-0 overflow-hidden pointer-events-none">\\n            <div class="absolute top-1/4 right-1/4 w-64 h-64 bg-indigo-500 rou...T\\',\\n                        headers: { \\'Content-Type\\': \\'application/x-www-form-urlencoded\\' },\\n                        body: \\'credential=\\' + encodeURIComponent(response.credential)\\n                    });\\n                    if (res.ok || res.redirected) {\\n                        window.location.href = \\'/\\';\\n                    } else {\\n                        const data = await res.json().catch(() => ({detail: \\'Erro desconhecido\\'}));\\n                        document.getElementById(\\'loading-msg\\').classList.add(\\'hidden\\');\\n                        document.getElementById(\\'error-msg\\').textContent = \\'\u274c \\' + (data.detail || \\'Acesso negado.\\');\\n                        document.getElementById(\\'error-msg\\').classList.remove(\\'hidden\\');\\n                    }\\n                } catch (e) {\\n                    document.getElementById(\\'loading-msg\\').classList.add(\\'hidden\\');\\n                    document.getElementById(\\'error-msg\\').textContent = \\'\u274c Erro de conex\xe3o. Tente novamente.\\';\\n                    document.getElementById(\\'error-msg\\').classList.remove(\\'hidden\\');\\n                }\\n            }\\n        </script>\\n    </body>\\n    </html>\\n    '
E    +  where '\\n    <!DOCTYPE html>\\n    <html lang="pt-BR">\\n    <head>\\n        <meta charset="UTF-8">\\n        <meta name="viewport" content="width=device-width, initial-scale=1.0">\\n        <title>Login \u2014 Janio Pontes SaaS</title>\\n        <script src="https://cdn.tailwindcss.com"></script>\\n        <link href="https://fonts.googleapis.com/css2?family=Inter:wght@400;500;600;700;800&display=swap" rel="stylesheet">\\n        <style>\\n            body { font-family: \\'Inter\\', sans-serif; }\\n            .gradient-bg {\\n                background: linear-gradient(135deg, #1C3051 0%, #1e3a5f 50%, #312e81 100%);\\n            }\\n            .glass-card {\\n                background: rgba(255,255,255,0.97);\\n                backdrop-filter: blur(20px);\\n                border: 1px solid rgba(255,255,255,0.2);\\n            }\\n            .logo-glow {\\n                filter: drop-shadow(0 0 20px rgba(99,102,241,0.4));\\n            }\\n        </style>\\n    </head>\\n    <body class="gradient-bg min-h-screen flex items-center justify-center p-4">\\n\\n        <div class="absolute inset-0 overflow-hidden pointer-events-none">\\n            <div class="absolute top-1/4 right-1/4 w-64 h-64 bg-indigo-500 rou...T\\',\\n                        headers: { \\'Content-Type\\': \\'application/x-www-form-urlencoded\\' },\\n                        body: \\'credential=\\' + encodeURIComponent(response.credential)\\n                    });\\n                    if (res.ok || res.redirected) {\\n                        window.location.href = \\'/\\';\\n                    } else {\\n                        const data = await res.json().catch(() => ({detail: \\'Erro desconhecido\\'}));\\n                        document.getElementById(\\'loading-msg\\').classList.add(\\'hidden\\');\\n                        document.getElementById(\\'error-msg\\').textContent = \\'\u274c \\' + (data.detail || \\'Acesso negado.\\');\\n                        document.getElementById(\\'error-msg\\').classList.remove(\\'hidden\\');\\n                    }\\n                } catch (e) {\\n                    document.getElementById(\\'loading-msg\\').classList.add(\\'hidden\\');\\n                    document.getElementById(\\'error-msg\\').textContent = \\'\u274c Erro de conex\xe3o. Tente novamente.\\';\\n                    document.getElementById(\\'error-msg\\').classList.remove(\\'hidden\\');\\n                }\\n            }\\n        </script>\\n    </body>\\n    </html>\\n    ' = <Response [200 OK]>.text
______________ TestCrudObrigacoes.test_criar_obrigacao_via_form _______________
tests\test_crud_protocolos.py:57: in test_criar_obrigacao_via_form
    assert response.status_code == 200
E   assert 405 == 200
E    +  where 405 = <Response [405 Method Not Allowed]>.status_code
______________ TestCrudProtocolos.test_criar_protocolo_via_form _______________
tests\test_crud_protocolos.py:78: in test_criar_protocolo_via_form
    assert response.status_code == 200
E   assert 405 == 200
E    +  where 405 = <Response [405 Method Not Allowed]>.status_code
____________ TestSchedulerEndpoints.test_check_overdue_retorna_200 ____________
tests\test_crud_protocolos.py:87: in test_check_overdue_retorna_200
    assert response.status_code == 200
E   assert 403 == 200
E    +  where 403 = <Response [403 Forbidden]>.status_code
____________ TestSchedulerEndpoints.test_daily_report_retorna_200 _____________
tests\test_crud_protocolos.py:94: in test_daily_report_retorna_200
    assert response.status_code == 200
E   assert 403 == 200
E    +  where 403 = <Response [403 Forbidden]>.status_code
________________ TestRLSIsolation.test_rota_clientes_acessivel ________________
tests\test_rls_auth.py:33: in test_rota_clientes_acessivel
    assert "Clientes" in response.text or "cliente" in response.text.lower()
E   assert ('Clientes' in '\\n    <!DOCTYPE html>\\n    <html lang="pt-BR">\\n    <head>\\n        <meta charset="UTF-8">\\n        <meta name="viewport" content="width=device-width, initial-scale=1.0">\\n        <title>Login \u2014 Janio Pontes SaaS</title>\\n        <script src="https://cdn.tailwindcss.com"></script>\\n        <link href="https://fonts.googleapis.com/css2?family=Inter:wght@400;500;600;700;800&display=swap" rel="stylesheet">\\n        <style>\\n            body { font-family: \\'Inter\\', sans-serif; }\\n            .gradient-bg {\\n                background: linear-gradient(135deg, #1C3051 0%, #1e3a5f 50%, #312e81 100%);\\n            }\\n            .glass-card {\\n                background: rgba(255,255,255,0.97);\\n                backdrop-filter: blur(20px);\\n                border: 1px solid rgba(255,255,255,0.2);\\n            }\\n            .logo-glow {\\n                filter: drop-shadow(0 0 20px rgba(99,102,241,0.4));\\n            }\\n        </style>\\n    </head>\\n    <body class="gradient-bg min-h-screen flex items-center justify-center p-4">\\n\\n        <div class="absolute inset-0 overflow-hidden pointer-events-none">\\n            <div class="absolute top-1/4 right-1/4 w-64 h-64 bg-indigo-500 rou...T\\',\\n                        headers: { \\'Content-Type\\': \\'application/x-www-form-urlencoded\\' },\\n                        body: \\'credential=\\' + encodeURIComponent(response.credential)\\n                    });\\n                    if (res.ok || res.redirected) {\\n                        window.location.href = \\'/\\';\\n                    } else {\\n                        const data = await res.json().catch(() => ({detail: \\'Erro desconhecido\\'}));\\n                        document.getElementById(\\'loading-msg\\').classList.add(\\'hidden\\');\\n                        document.getElementById(\\'error-msg\\').textContent = \\'\u274c \\' + (data.detail || \\'Acesso negado.\\');\\n                        document.getElementById(\\'error-msg\\').classList.remove(\\'hidden\\');\\n                    }\\n                } catch (e) {\\n                    document.getElementById(\\'loading-msg\\').classList.add(\\'hidden\\');\\n                    document.getElementById(\\'error-msg\\').textContent = \\'\u274c Erro de conex\xe3o. Tente novamente.\\';\\n                    document.getElementById(\\'error-msg\\').classList.remove(\\'hidden\\');\\n                }\\n            }\\n        </script>\\n    </body>\\n    </html>\\n    ' or 'cliente' in '\\n    <!doctype html>\\n    <html lang="pt-br">\\n    <head>\\n        <meta charset="utf-8">\\n        <meta name="viewport" content="width=device-width, initial-scale=1.0">\\n        <title>login \u2014 janio pontes saas</title>\\n        <script src="https://cdn.tailwindcss.com"></script>\\n        <link href="https://fonts.googleapis.com/css2?family=inter:wght@400;500;600;700;800&display=swap" rel="stylesheet">\\n        <style>\\n            body { font-family: \\'inter\\', sans-serif; }\\n            .gradient-bg {\\n                background: linear-gradient(135deg, #1c3051 0%, #1e3a5f 50%, #312e81 100%);\\n            }\\n            .glass-card {\\n                background: rgba(255,255,255,0.97);\\n                backdrop-filter: blur(20px);\\n                border: 1px solid rgba(255,255,255,0.2);\\n            }\\n            .logo-glow {\\n                filter: drop-shadow(0 0 20px rgba(99,102,241,0.4));\\n            }\\n        </style>\\n    </head>\\n    <body class="gradient-bg min-h-screen flex items-center justify-center p-4">\\n\\n        <div class="absolute inset-0 overflow-hidden pointer-events-none">\\n            <div class="absolute top-1/4 right-1/4 w-64 h-64 bg-indigo-500 rou...t\\',\\n                        headers: { \\'content-type\\': \\'application/x-www-form-urlencoded\\' },\\n                        body: \\'credential=\\' + encodeuricomponent(response.credential)\\n                    });\\n                    if (res.ok || res.redirected) {\\n                        window.location.href = \\'/\\';\\n                    } else {\\n                        const data = await res.json().catch(() => ({detail: \\'erro desconhecido\\'}));\\n                        document.getelementbyid(\\'loading-msg\\').classlist.add(\\'hidden\\');\\n                        document.getelementbyid(\\'error-msg\\').textcontent = \\'\u274c \\' + (data.detail || \\'acesso negado.\\');\\n                        document.getelementbyid(\\'error-msg\\').classlist.remove(\\'hidden\\');\\n                    }\\n                } catch (e) {\\n                    document.getelementbyid(\\'loading-msg\\').classlist.add(\\'hidden\\');\\n                    document.getelementbyid(\\'error-msg\\').textcontent = \\'\u274c erro de conex\xe3o. tente novamente.\\';\\n                    document.getelementbyid(\\'error-msg\\').classlist.remove(\\'hidden\\');\\n                }\\n            }\\n        </script>\\n    </body>\\n    </html>\\n    ')
E    +  where '\\n    <!DOCTYPE html>\\n    <html lang="pt-BR">\\n    <head>\\n        <meta charset="UTF-8">\\n        <meta name="viewport" content="width=device-width, initial-scale=1.0">\\n        <title>Login \u2014 Janio Pontes SaaS</title>\\n        <script src="https://cdn.tailwindcss.com"></script>\\n        <link href="https://fonts.googleapis.com/css2?family=Inter:wght@400;500;600;700;800&display=swap" rel="stylesheet">\\n        <style>\\n            body { font-family: \\'Inter\\', sans-serif; }\\n            .gradient-bg {\\n                background: linear-gradient(135deg, #1C3051 0%, #1e3a5f 50%, #312e81 100%);\\n            }\\n            .glass-card {\\n                background: rgba(255,255,255,0.97);\\n                backdrop-filter: blur(20px);\\n                border: 1px solid rgba(255,255,255,0.2);\\n            }\\n            .logo-glow {\\n                filter: drop-shadow(0 0 20px rgba(99,102,241,0.4));\\n            }\\n        </style>\\n    </head>\\n    <body class="gradient-bg min-h-screen flex items-center justify-center p-4">\\n\\n        <div class="absolute inset-0 overflow-hidden pointer-events-none">\\n            <div class="absolute top-1/4 right-1/4 w-64 h-64 bg-indigo-500 rou...T\\',\\n                        headers: { \\'Content-Type\\': \\'application/x-www-form-urlencoded\\' },\\n                        body: \\'credential=\\' + encodeURIComponent(response.credential)\\n                    });\\n                    if (res.ok || res.redirected) {\\n                        window.location.href = \\'/\\';\\n                    } else {\\n                        const data = await res.json().catch(() => ({detail: \\'Erro desconhecido\\'}));\\n                        document.getElementById(\\'loading-msg\\').classList.add(\\'hidden\\');\\n                        document.getElementById(\\'error-msg\\').textContent = \\'\u274c \\' + (data.detail || \\'Acesso negado.\\');\\n                        document.getElementById(\\'error-msg\\').classList.remove(\\'hidden\\');\\n                    }\\n                } catch (e) {\\n                    document.getElementById(\\'loading-msg\\').classList.add(\\'hidden\\');\\n                    document.getElementById(\\'error-msg\\').textContent = \\'\u274c Erro de conex\xe3o. Tente novamente.\\';\\n                    document.getElementById(\\'error-msg\\').classList.remove(\\'hidden\\');\\n                }\\n            }\\n        </script>\\n    </body>\\n    </html>\\n    ' = <Response [200 OK]>.text
E    +  and   '\\n    <!doctype html>\\n    <html lang="pt-br">\\n    <head>\\n        <meta charset="utf-8">\\n        <meta name="viewport" content="width=device-width, initial-scale=1.0">\\n        <title>login \u2014 janio pontes saas</title>\\n        <script src="https://cdn.tailwindcss.com"></script>\\n        <link href="https://fonts.googleapis.com/css2?family=inter:wght@400;500;600;700;800&display=swap" rel="stylesheet">\\n        <style>\\n            body { font-family: \\'inter\\', sans-serif; }\\n            .gradient-bg {\\n                background: linear-gradient(135deg, #1c3051 0%, #1e3a5f 50%, #312e81 100%);\\n            }\\n            .glass-card {\\n                background: rgba(255,255,255,0.97);\\n                backdrop-filter: blur(20px);\\n                border: 1px solid rgba(255,255,255,0.2);\\n            }\\n            .logo-glow {\\n                filter: drop-shadow(0 0 20px rgba(99,102,241,0.4));\\n            }\\n        </style>\\n    </head>\\n    <body class="gradient-bg min-h-screen flex items-center justify-center p-4">\\n\\n        <div class="absolute inset-0 overflow-hidden pointer-events-none">\\n            <div class="absolute top-1/4 right-1/4 w-64 h-64 bg-indigo-500 rou...t\\',\\n                        headers: { \\'content-type\\': \\'application/x-www-form-urlencoded\\' },\\n                        body: \\'credential=\\' + encodeuricomponent(response.credential)\\n                    });\\n                    if (res.ok || res.redirected) {\\n                        window.location.href = \\'/\\';\\n                    } else {\\n                        const data = await res.json().catch(() => ({detail: \\'erro desconhecido\\'}));\\n                        document.getelementbyid(\\'loading-msg\\').classlist.add(\\'hidden\\');\\n                        document.getelementbyid(\\'error-msg\\').textcontent = \\'\u274c \\' + (data.detail || \\'acesso negado.\\');\\n                        document.getelementbyid(\\'error-msg\\').classlist.remove(\\'hidden\\');\\n                    }\\n                } catch (e) {\\n                    document.getelementbyid(\\'loading-msg\\').classlist.add(\\'hidden\\');\\n                    document.getelementbyid(\\'error-msg\\').textcontent = \\'\u274c erro de conex\xe3o. tente novamente.\\';\\n                    document.getelementbyid(\\'error-msg\\').classlist.remove(\\'hidden\\');\\n                }\\n            }\\n        </script>\\n    </body>\\n    </html>\\n    ' = <built-in method lower of str object at 0x0000024C67E45FB0>()
E    +    where <built-in method lower of str object at 0x0000024C67E45FB0> = '\\n    <!DOCTYPE html>\\n    <html lang="pt-BR">\\n    <head>\\n        <meta charset="UTF-8">\\n        <meta name="viewport" content="width=device-width, initial-scale=1.0">\\n        <title>Login \u2014 Janio Pontes SaaS</title>\\n        <script src="https://cdn.tailwindcss.com"></script>\\n        <link href="https://fonts.googleapis.com/css2?family=Inter:wght@400;500;600;700;800&display=swap" rel="stylesheet">\\n        <style>\\n            body { font-family: \\'Inter\\', sans-serif; }\\n            .gradient-bg {\\n                background: linear-gradient(135deg, #1C3051 0%, #1e3a5f 50%, #312e81 100%);\\n            }\\n            .glass-card {\\n                background: rgba(255,255,255,0.97);\\n                backdrop-filter: blur(20px);\\n                border: 1px solid rgba(255,255,255,0.2);\\n            }\\n            .logo-glow {\\n                filter: drop-shadow(0 0 20px rgba(99,102,241,0.4));\\n            }\\n        </style>\\n    </head>\\n    <body class="gradient-bg min-h-screen flex items-center justify-center p-4">\\n\\n        <div class="absolute inset-0 overflow-hidden pointer-events-none">\\n            <div class="absolute top-1/4 right-1/4 w-64 h-64 bg-indigo-500 rou...T\\',\\n                        headers: { \\'Content-Type\\': \\'application/x-www-form-urlencoded\\' },\\n                        body: \\'credential=\\' + encodeURIComponent(response.credential)\\n                    });\\n                    if (res.ok || res.redirected) {\\n                        window.location.href = \\'/\\';\\n                    } else {\\n                        const data = await res.json().catch(() => ({detail: \\'Erro desconhecido\\'}));\\n                        document.getElementById(\\'loading-msg\\').classList.add(\\'hidden\\');\\n                        document.getElementById(\\'error-msg\\').textContent = \\'\u274c \\' + (data.detail || \\'Acesso negado.\\');\\n                        document.getElementById(\\'error-msg\\').classList.remove(\\'hidden\\');\\n                    }\\n                } catch (e) {\\n                    document.getElementById(\\'loading-msg\\').classList.add(\\'hidden\\');\\n                    document.getElementById(\\'error-msg\\').textContent = \\'\u274c Erro de conex\xe3o. Tente novamente.\\';\\n                    document.getElementById(\\'error-msg\\').classList.remove(\\'hidden\\');\\n                }\\n            }\\n        </script>\\n    </body>\\n    </html>\\n    '.lower
E    +      where '\\n    <!DOCTYPE html>\\n    <html lang="pt-BR">\\n    <head>\\n        <meta charset="UTF-8">\\n        <meta name="viewport" content="width=device-width, initial-scale=1.0">\\n        <title>Login \u2014 Janio Pontes SaaS</title>\\n        <script src="https://cdn.tailwindcss.com"></script>\\n        <link href="https://fonts.googleapis.com/css2?family=Inter:wght@400;500;600;700;800&display=swap" rel="stylesheet">\\n        <style>\\n            body { font-family: \\'Inter\\', sans-serif; }\\n            .gradient-bg {\\n                background: linear-gradient(135deg, #1C3051 0%, #1e3a5f 50%, #312e81 100%);\\n            }\\n            .glass-card {\\n                background: rgba(255,255,255,0.97);\\n                backdrop-filter: blur(20px);\\n                border: 1px solid rgba(255,255,255,0.2);\\n            }\\n            .logo-glow {\\n                filter: drop-shadow(0 0 20px rgba(99,102,241,0.4));\\n            }\\n        </style>\\n    </head>\\n    <body class="gradient-bg min-h-screen flex items-center justify-center p-4">\\n\\n        <div class="absolute inset-0 overflow-hidden pointer-events-none">\\n            <div class="absolute top-1/4 right-1/4 w-64 h-64 bg-indigo-500 rou...T\\',\\n                        headers: { \\'Content-Type\\': \\'application/x-www-form-urlencoded\\' },\\n                        body: \\'credential=\\' + encodeURIComponent(response.credential)\\n                    });\\n                    if (res.ok || res.redirected) {\\n                        window.location.href = \\'/\\';\\n                    } else {\\n                        const data = await res.json().catch(() => ({detail: \\'Erro desconhecido\\'}));\\n                        document.getElementById(\\'loading-msg\\').classList.add(\\'hidden\\');\\n                        document.getElementById(\\'error-msg\\').textContent = \\'\u274c \\' + (data.detail || \\'Acesso negado.\\');\\n                        document.getElementById(\\'error-msg\\').classList.remove(\\'hidden\\');\\n                    }\\n                } catch (e) {\\n                    document.getElementById(\\'loading-msg\\').classList.add(\\'hidden\\');\\n                    document.getElementById(\\'error-msg\\').textContent = \\'\u274c Erro de conex\xe3o. Tente novamente.\\';\\n                    document.getElementById(\\'error-msg\\').classList.remove(\\'hidden\\');\\n                }\\n            }\\n        </script>\\n    </body>\\n    </html>\\n    ' = <Response [200 OK]>.text
=========================== short test summary info ===========================
FAILED tests/test_crud_protocolos.py::TestCrudClientes::test_criar_cliente_via_form
FAILED tests/test_crud_protocolos.py::TestCrudClientes::test_busca_encontra_cliente_criado
FAILED tests/test_crud_protocolos.py::TestCrudObrigacoes::test_criar_obrigacao_via_form
FAILED tests/test_crud_protocolos.py::TestCrudProtocolos::test_criar_protocolo_via_form
FAILED tests/test_crud_protocolos.py::TestSchedulerEndpoints::test_check_overdue_retorna_200
FAILED tests/test_crud_protocolos.py::TestSchedulerEndpoints::test_daily_report_retorna_200
FAILED tests/test_rls_auth.py::TestRLSIsolation::test_rota_clientes_acessivel
======================== 7 failed, 13 passed in 4.20s =========================
